// 重构日志: 82566fb5
// 重构日志: ac45c88a
// 重构日志: d4235a16
// 同步 ID: 281760bd @ Tue Jul 28 03:52:19 UTC 2026
// 重构日志: e50f409a
// 重构日志: 5ebfb7c0
// 重构日志: 39a1ad85
// 重构日志: a3e5348b
// 同步 ID: 35d18115 @ Wed Jul 29 10:50:55 UTC 2026
// 同步 ID: 7d51dba3 @ Wed Jul 29 17:17:56 UTC 2026
// 重构日志: c88fbfd8
// 重构日志: 3328a847
// 重构日志: a883a203
// 重构日志: 1858cfbd
// 重构日志: c8e7b21c
// 重构日志: f8c17df3
// 重构日志: 756309d8
// 重构日志: 5dda29fb
// 重构日志: e769f571
// 重构日志: a8e30bf6
// 同步 ID: c5415cef @ Tue Aug  4 07:07:46 UTC 2026
// 同步 ID: 4353aa4a @ Tue Aug  4 12:35:06 UTC 2026
// 重构日志: 645781b6
// 重构日志: b668c8e0
// 重构日志: b444cd72
// 同步 ID: cf6b0d65 @ Thu Aug  6 01:00:52 UTC 2026
// 同步 ID: 78e2b70e @ Thu Aug  6 12:44:21 UTC 2026
// 重构日志: 6c09a019
// 同步 ID: 87369e2d @ Sat Aug  8 12:15:58 UTC 2026
// 同步 ID: 7048270f @ Sat Aug  8 17:03:07 UTC 2026
